Java HotSpot(TM) 64-Bit Server VM (25.152-b16) for windows-amd64 JRE (1.8.0_152-b16), built on Sep 14 2017 02:29:36 by "java_re" with MS VC++ 10.0 (VS2010)
Memory: 4k page, physical 16665172k(8395056k free), swap 22694484k(9651008k free)
CommandLine flags: -XX:InitialHeapSize=1073741824 -XX:MaxHeapSize=1073741824 -XX:MaxNewSize=67108864 -XX:NewSize=67108864 -XX:OldPLABSize=16 -XX:PrintCMSStatistics=2 -XX:+PrintGC -XX:+PrintGCApplicationConcurrentTime -XX:+PrintGCApplicationStoppedTime -XX:+PrintGCDetails -XX:+PrintGCTimeStamps -XX:+PrintHeapAtGC -XX:+PrintTenuringDistribution -XX:SurvivorRatio=6 -XX:+UseCompressedClassPointers -XX:+UseCompressedOops -XX:+UseConcMarkSweepGC -XX:-UseLargePagesIndividualAllocation -XX:+UseParNewGC 
0.197: Application time: 0.1127160 seconds
{Heap before GC invocations=0 (full 0):
 par new generation   total 57344K, used 49152K [0x00000000c0000000, 0x00000000c4000000, 0x00000000c4000000)
  eden space 49152K, 100% used [0x00000000c0000000, 0x00000000c3000000, 0x00000000c3000000)
  from space 8192K,   0% used [0x00000000c3000000, 0x00000000c3000000, 0x00000000c3800000)
  to   space 8192K,   0% used [0x00000000c3800000, 0x00000000c3800000, 0x00000000c4000000)
 concurrent mark-sweep generation total 983040K, used 0K [0x00000000c4000000, 0x0000000100000000, 0x0000000100000000)
 Metaspace       used 2695K, capacity 4490K, committed 4864K, reserved 1056768K
  class space    used 291K, capacity 386K, committed 512K, reserved 1048576K
0.197: [GC (Allocation Failure) 0.197: [ParNew
Desired survivor size 4194304 bytes, new threshold 1 (max 15)
- age   1:    8360240 bytes,    8360240 total
: 49152K->8192K(57344K), 0.0892750 secs] 49152K->22840K(1040384K), 0.0895878 secs] [Times: user=0.39 sys=0.08, real=0.09 secs] 
Heap after GC invocations=1 (full 0):
 par new generation   total 57344K, used 8192K [0x00000000c0000000, 0x00000000c4000000, 0x00000000c4000000)
  eden space 49152K,   0% used [0x00000000c0000000, 0x00000000c0000000, 0x00000000c3000000)
  from space 8192K, 100% used [0x00000000c3800000, 0x00000000c4000000, 0x00000000c4000000)
  to   space 8192K,   0% used [0x00000000c3000000, 0x00000000c3000000, 0x00000000c3800000)
 concurrent mark-sweep generation total 983040K, used 14648K [0x00000000c4000000, 0x0000000100000000, 0x0000000100000000)
 Metaspace       used 2695K, capacity 4490K, committed 4864K, reserved 1056768K
  class space    used 291K, capacity 386K, committed 512K, reserved 1048576K
}
0.286: Total time for which application threads were stopped: 0.0897985 seconds, Stopping threads took: 0.0000277 seconds
0.306: Application time: 0.0199620 seconds
{Heap before GC invocations=1 (full 0):
 par new generation   total 57344K, used 57344K [0x00000000c0000000, 0x00000000c4000000, 0x00000000c4000000)
  eden space 49152K, 100% used [0x00000000c0000000, 0x00000000c3000000, 0x00000000c3000000)
  from space 8192K, 100% used [0x00000000c3800000, 0x00000000c4000000, 0x00000000c4000000)
  to   space 8192K,   0% used [0x00000000c3000000, 0x00000000c3000000, 0x00000000c3800000)
 concurrent mark-sweep generation total 983040K, used 14648K [0x00000000c4000000, 0x0000000100000000, 0x0000000100000000)
 Metaspace       used 2696K, capacity 4490K, committed 4864K, reserved 1056768K
  class space    used 291K, capacity 386K, committed 512K, reserved 1048576K
0.306: [GC (Allocation Failure) 0.306: [ParNew
Desired survivor size 4194304 bytes, new threshold 1 (max 15)
- age   1:    8388424 bytes,    8388424 total
: 57344K->8192K(57344K), 0.0604590 secs] 71992K->67829K(1040384K), 0.0606125 secs] [Times: user=0.33 sys=0.05, real=0.06 secs] 
Heap after GC invocations=2 (full 0):
 par new generation   total 57344K, used 8192K [0x00000000c0000000, 0x00000000c4000000, 0x00000000c4000000)
  eden space 49152K,   0% used [0x00000000c0000000, 0x00000000c0000000, 0x00000000c3000000)
  from space 8192K, 100% used [0x00000000c3000000, 0x00000000c3800000, 0x00000000c3800000)
  to   space 8192K,   0% used [0x00000000c3800000, 0x00000000c3800000, 0x00000000c4000000)
 concurrent mark-sweep generation total 983040K, used 59637K [0x00000000c4000000, 0x0000000100000000, 0x0000000100000000)
 Metaspace       used 2696K, capacity 4490K, committed 4864K, reserved 1056768K
  class space    used 291K, capacity 386K, committed 512K, reserved 1048576K
}
0.367: Total time for which application threads were stopped: 0.0607919 seconds, Stopping threads took: 0.0000272 seconds
0.386: Application time: 0.0187719 seconds
{Heap before GC invocations=2 (full 0):
 par new generation   total 57344K, used 57344K [0x00000000c0000000, 0x00000000c4000000, 0x00000000c4000000)
  eden space 49152K, 100% used [0x00000000c0000000, 0x00000000c3000000, 0x00000000c3000000)
  from space 8192K, 100% used [0x00000000c3000000, 0x00000000c3800000, 0x00000000c3800000)
  to   space 8192K,   0% used [0x00000000c3800000, 0x00000000c3800000, 0x00000000c4000000)
 concurrent mark-sweep generation total 983040K, used 59637K [0x00000000c4000000, 0x0000000100000000, 0x0000000100000000)
 Metaspace       used 2697K, capacity 4490K, committed 4864K, reserved 1056768K
  class space    used 291K, capacity 386K, committed 512K, reserved 1048576K
0.386: [GC (Allocation Failure) 0.386: [ParNew
Desired survivor size 4194304 bytes, new threshold 1 (max 15)
- age   1:    8388456 bytes,    8388456 total
: 57344K->8192K(57344K), 0.0623622 secs] 116981K->114864K(1040384K), 0.0625742 secs] [Times: user=0.34 sys=0.03, real=0.06 secs] 
Heap after GC invocations=3 (full 0):
 par new generation   total 57344K, used 8192K [0x00000000c0000000, 0x00000000c4000000, 0x00000000c4000000)
  eden space 49152K,   0% used [0x00000000c0000000, 0x00000000c0000000, 0x00000000c3000000)
  from space 8192K, 100% used [0x00000000c3800000, 0x00000000c4000000, 0x00000000c4000000)
  to   space 8192K,   0% used [0x00000000c3000000, 0x00000000c3000000, 0x00000000c3800000)
 concurrent mark-sweep generation total 983040K, used 106672K [0x00000000c4000000, 0x0000000100000000, 0x0000000100000000)
 Metaspace       used 2697K, capacity 4490K, committed 4864K, reserved 1056768K
  class space    used 291K, capacity 386K, committed 512K, reserved 1048576K
}
0.449: Total time for which application threads were stopped: 0.0627532 seconds, Stopping threads took: 0.0000375 seconds
0.467: Application time: 0.0185523 seconds
{Heap before GC invocations=3 (full 0):
 par new generation   total 57344K, used 57344K [0x00000000c0000000, 0x00000000c4000000, 0x00000000c4000000)
  eden space 49152K, 100% used [0x00000000c0000000, 0x00000000c3000000, 0x00000000c3000000)
  from space 8192K, 100% used [0x00000000c3800000, 0x00000000c4000000, 0x00000000c4000000)
  to   space 8192K,   0% used [0x00000000c3000000, 0x00000000c3000000, 0x00000000c3800000)
 concurrent mark-sweep generation total 983040K, used 106672K [0x00000000c4000000, 0x0000000100000000, 0x0000000100000000)
 Metaspace       used 2702K, capacity 4490K, committed 4864K, reserved 1056768K
  class space    used 291K, capacity 386K, committed 512K, reserved 1048576K
0.467: [GC (Allocation Failure) 0.467: [ParNew
Desired survivor size 4194304 bytes, new threshold 1 (max 15)
- age   1:    8388432 bytes,    8388432 total
: 57344K->8192K(57344K), 0.0604407 secs] 164016K->160353K(1040384K), 0.0605728 secs] [Times: user=0.44 sys=0.02, real=0.06 secs] 
Heap after GC invocations=4 (full 0):
 par new generation   total 57344K, used 8192K [0x00000000c0000000, 0x00000000c4000000, 0x00000000c4000000)
  eden space 49152K,   0% used [0x00000000c0000000, 0x00000000c0000000, 0x00000000c3000000)
  from space 8192K, 100% used [0x00000000c3000000, 0x00000000c3800000, 0x00000000c3800000)
  to   space 8192K,   0% used [0x00000000c3800000, 0x00000000c3800000, 0x00000000c4000000)
 concurrent mark-sweep generation total 983040K, used 152161K [0x00000000c4000000, 0x0000000100000000, 0x0000000100000000)
 Metaspace       used 2702K, capacity 4490K, committed 4864K, reserved 1056768K
  class space    used 291K, capacity 386K, committed 512K, reserved 1048576K
}
0.528: Total time for which application threads were stopped: 0.0607633 seconds, Stopping threads took: 0.0000286 seconds
0.548: Application time: 0.0196519 seconds
{Heap before GC invocations=4 (full 0):
 par new generation   total 57344K, used 57344K [0x00000000c0000000, 0x00000000c4000000, 0x00000000c4000000)
  eden space 49152K, 100% used [0x00000000c0000000, 0x00000000c3000000, 0x00000000c3000000)
  from space 8192K, 100% used [0x00000000c3000000, 0x00000000c3800000, 0x00000000c3800000)
  to   space 8192K,   0% used [0x00000000c3800000, 0x00000000c3800000, 0x00000000c4000000)
 concurrent mark-sweep generation total 983040K, used 152161K [0x00000000c4000000, 0x0000000100000000, 0x0000000100000000)
 Metaspace       used 2709K, capacity 4490K, committed 4864K, reserved 1056768K
  class space    used 291K, capacity 386K, committed 512K, reserved 1048576K
0.548: [GC (Allocation Failure) 0.548: [ParNew
Desired survivor size 4194304 bytes, new threshold 1 (max 15)
- age   1:    8388496 bytes,    8388496 total
: 57344K->8192K(57344K), 0.0623440 secs] 209505K->204752K(1040384K), 0.0625162 secs] [Times: user=0.48 sys=0.01, real=0.06 secs] 
Heap after GC invocations=5 (full 0):
 par new generation   total 57344K, used 8192K [0x00000000c0000000, 0x00000000c4000000, 0x00000000c4000000)
  eden space 49152K,   0% used [0x00000000c0000000, 0x00000000c0000000, 0x00000000c3000000)
  from space 8192K, 100% used [0x00000000c3800000, 0x00000000c4000000, 0x00000000c4000000)
  to   space 8192K,   0% used [0x00000000c3000000, 0x00000000c3000000, 0x00000000c3800000)
 concurrent mark-sweep generation total 983040K, used 196560K [0x00000000c4000000, 0x0000000100000000, 0x0000000100000000)
 Metaspace       used 2709K, capacity 4490K, committed 4864K, reserved 1056768K
  class space    used 291K, capacity 386K, committed 512K, reserved 1048576K
}
0.610: Total time for which application threads were stopped: 0.0626795 seconds, Stopping threads took: 0.0000272 seconds
0.632: Application time: 0.0215823 seconds
{Heap before GC invocations=5 (full 0):
 par new generation   total 57344K, used 57344K [0x00000000c0000000, 0x00000000c4000000, 0x00000000c4000000)
  eden space 49152K, 100% used [0x00000000c0000000, 0x00000000c3000000, 0x00000000c3000000)
  from space 8192K, 100% used [0x00000000c3800000, 0x00000000c4000000, 0x00000000c4000000)
  to   space 8192K,   0% used [0x00000000c3000000, 0x00000000c3000000, 0x00000000c3800000)
 concurrent mark-sweep generation total 983040K, used 196560K [0x00000000c4000000, 0x0000000100000000, 0x0000000100000000)
 Metaspace       used 2709K, capacity 4490K, committed 4864K, reserved 1056768K
  class space    used 291K, capacity 386K, committed 512K, reserved 1048576K
0.632: [GC (Allocation Failure) 0.632: [ParNew
Desired survivor size 4194304 bytes, new threshold 1 (max 15)
- age   1:    8387488 bytes,    8387488 total
: 57344K->8192K(57344K), 0.0694607 secs] 253904K->253898K(1040384K), 0.0696053 secs] [Times: user=0.39 sys=0.05, real=0.07 secs] 
Heap after GC invocations=6 (full 0):
 par new generation   total 57344K, used 8192K [0x00000000c0000000, 0x00000000c4000000, 0x00000000c4000000)
  eden space 49152K,   0% used [0x00000000c0000000, 0x00000000c0000000, 0x00000000c3000000)
  from space 8192K, 100% used [0x00000000c3000000, 0x00000000c3800000, 0x00000000c3800000)
  to   space 8192K,   0% used [0x00000000c3800000, 0x00000000c3800000, 0x00000000c4000000)
 concurrent mark-sweep generation total 983040K, used 245706K [0x00000000c4000000, 0x0000000100000000, 0x0000000100000000)
 Metaspace       used 2709K, capacity 4490K, committed 4864K, reserved 1056768K
  class space    used 291K, capacity 386K, committed 512K, reserved 1048576K
}
0.702: Total time for which application threads were stopped: 0.0697874 seconds, Stopping threads took: 0.0000339 seconds
0.720: Application time: 0.0186719 seconds
{Heap before GC invocations=6 (full 0):
 par new generation   total 57344K, used 57344K [0x00000000c0000000, 0x00000000c4000000, 0x00000000c4000000)
  eden space 49152K, 100% used [0x00000000c0000000, 0x00000000c3000000, 0x00000000c3000000)
  from space 8192K, 100% used [0x00000000c3000000, 0x00000000c3800000, 0x00000000c3800000)
  to   space 8192K,   0% used [0x00000000c3800000, 0x00000000c3800000, 0x00000000c4000000)
 concurrent mark-sweep generation total 983040K, used 245706K [0x00000000c4000000, 0x0000000100000000, 0x0000000100000000)
 Metaspace       used 2712K, capacity 4490K, committed 4864K, reserved 1056768K
  class space    used 291K, capacity 386K, committed 512K, reserved 1048576K
0.720: [GC (Allocation Failure) 0.721: [ParNew
Desired survivor size 4194304 bytes, new threshold 1 (max 15)
- age   1:    8388360 bytes,    8388360 total
: 57344K->8192K(57344K), 0.0637157 secs] 303050K->303043K(1040384K), 0.0640227 secs] [Times: user=0.44 sys=0.00, real=0.07 secs] 
Heap after GC invocations=7 (full 0):
 par new generation   total 57344K, used 8192K [0x00000000c0000000, 0x00000000c4000000, 0x00000000c4000000)
  eden space 49152K,   0% used [0x00000000c0000000, 0x00000000c0000000, 0x00000000c3000000)
  from space 8192K, 100% used [0x00000000c3800000, 0x00000000c4000000, 0x00000000c4000000)
  to   space 8192K,   0% used [0x00000000c3000000, 0x00000000c3000000, 0x00000000c3800000)
 concurrent mark-sweep generation total 983040K, used 294851K [0x00000000c4000000, 0x0000000100000000, 0x0000000100000000)
 Metaspace       used 2712K, capacity 4490K, committed 4864K, reserved 1056768K
  class space    used 291K, capacity 386K, committed 512K, reserved 1048576K
}
0.785: Total time for which application threads were stopped: 0.0642343 seconds, Stopping threads took: 0.0000576 seconds
0.806: Application time: 0.0212017 seconds
{Heap before GC invocations=7 (full 0):
 par new generation   total 57344K, used 57344K [0x00000000c0000000, 0x00000000c4000000, 0x00000000c4000000)
  eden space 49152K, 100% used [0x00000000c0000000, 0x00000000c3000000, 0x00000000c3000000)
  from space 8192K, 100% used [0x00000000c3800000, 0x00000000c4000000, 0x00000000c4000000)
  to   space 8192K,   0% used [0x00000000c3000000, 0x00000000c3000000, 0x00000000c3800000)
 concurrent mark-sweep generation total 983040K, used 294851K [0x00000000c4000000, 0x0000000100000000, 0x0000000100000000)
 Metaspace       used 2721K, capacity 4490K, committed 4864K, reserved 1056768K
  class space    used 291K, capacity 386K, committed 512K, reserved 1048576K
0.806: [GC (Allocation Failure) 0.806: [ParNew
Desired survivor size 4194304 bytes, new threshold 1 (max 15)
- age   1:    8388408 bytes,    8388408 total
: 57344K->8192K(57344K), 0.0686396 secs] 352195K->352188K(1040384K), 0.0687708 secs] [Times: user=0.48 sys=0.00, real=0.07 secs] 
Heap after GC invocations=8 (full 0):
 par new generation   total 57344K, used 8192K [0x00000000c0000000, 0x00000000c4000000, 0x00000000c4000000)
  eden space 49152K,   0% used [0x00000000c0000000, 0x00000000c0000000, 0x00000000c3000000)
  from space 8192K, 100% used [0x00000000c3000000, 0x00000000c3800000, 0x00000000c3800000)
  to   space 8192K,   0% used [0x00000000c3800000, 0x00000000c3800000, 0x00000000c4000000)
 concurrent mark-sweep generation total 983040K, used 343996K [0x00000000c4000000, 0x0000000100000000, 0x0000000100000000)
 Metaspace       used 2721K, capacity 4490K, committed 4864K, reserved 1056768K
  class space    used 291K, capacity 386K, committed 512K, reserved 1048576K
}
0.875: Total time for which application threads were stopped: 0.0689435 seconds, Stopping threads took: 0.0000272 seconds
0.896: Application time: 0.0210669 seconds
{Heap before GC invocations=8 (full 0):
 par new generation   total 57344K, used 57344K [0x00000000c0000000, 0x00000000c4000000, 0x00000000c4000000)
  eden space 49152K, 100% used [0x00000000c0000000, 0x00000000c3000000, 0x00000000c3000000)
  from space 8192K, 100% used [0x00000000c3000000, 0x00000000c3800000, 0x00000000c3800000)
  to   space 8192K,   0% used [0x00000000c3800000, 0x00000000c3800000, 0x00000000c4000000)
 concurrent mark-sweep generation total 983040K, used 343996K [0x00000000c4000000, 0x0000000100000000, 0x0000000100000000)
 Metaspace       used 2726K, capacity 4490K, committed 4864K, reserved 1056768K
  class space    used 291K, capacity 386K, committed 512K, reserved 1048576K
0.896: [GC (Allocation Failure) 0.896: [ParNew
Desired survivor size 4194304 bytes, new threshold 1 (max 15)
- age   1:    8388328 bytes,    8388328 total
: 57344K->8192K(57344K), 0.0662509 secs] 401340K->401334K(1040384K), 0.0664503 secs] [Times: user=0.33 sys=0.03, real=0.07 secs] 
Heap after GC invocations=9 (full 0):
 par new generation   total 57344K, used 8192K [0x00000000c0000000, 0x00000000c4000000, 0x00000000c4000000)
  eden space 49152K,   0% used [0x00000000c0000000, 0x00000000c0000000, 0x00000000c3000000)
  from space 8192K, 100% used [0x00000000c3800000, 0x00000000c4000000, 0x00000000c4000000)
  to   space 8192K,   0% used [0x00000000c3000000, 0x00000000c3000000, 0x00000000c3800000)
 concurrent mark-sweep generation total 983040K, used 393142K [0x00000000c4000000, 0x0000000100000000, 0x0000000100000000)
 Metaspace       used 2726K, capacity 4490K, committed 4864K, reserved 1056768K
  class space    used 291K, capacity 386K, committed 512K, reserved 1048576K
}
0.962: Total time for which application threads were stopped: 0.0666150 seconds, Stopping threads took: 0.0000272 seconds
0.980: Application time: 0.0173042 seconds
{Heap before GC invocations=9 (full 0):
 par new generation   total 57344K, used 57344K [0x00000000c0000000, 0x00000000c4000000, 0x00000000c4000000)
  eden space 49152K, 100% used [0x00000000c0000000, 0x00000000c3000000, 0x00000000c3000000)
  from space 8192K, 100% used [0x00000000c3800000, 0x00000000c4000000, 0x00000000c4000000)
  to   space 8192K,   0% used [0x00000000c3000000, 0x00000000c3000000, 0x00000000c3800000)
 concurrent mark-sweep generation total 983040K, used 393142K [0x00000000c4000000, 0x0000000100000000, 0x0000000100000000)
 Metaspace       used 2726K, capacity 4490K, committed 4864K, reserved 1056768K
  class space    used 291K, capacity 386K, committed 512K, reserved 1048576K
0.980: [GC (Allocation Failure) 0.980: [ParNew
Desired survivor size 4194304 bytes, new threshold 1 (max 15)
- age   1:    8388376 bytes,    8388376 total
: 57344K->8192K(57344K), 0.0663138 secs] 450486K->450481K(1040384K), 0.0664450 secs] [Times: user=0.41 sys=0.01, real=0.07 secs] 
Heap after GC invocations=10 (full 0):
 par new generation   total 57344K, used 8192K [0x00000000c0000000, 0x00000000c4000000, 0x00000000c4000000)
  eden space 49152K,   0% used [0x00000000c0000000, 0x00000000c0000000, 0x00000000c3000000)
  from space 8192K, 100% used [0x00000000c3000000, 0x00000000c3800000, 0x00000000c3800000)
  to   space 8192K,   0% used [0x00000000c3800000, 0x00000000c3800000, 0x00000000c4000000)
 concurrent mark-sweep generation total 983040K, used 442289K [0x00000000c4000000, 0x0000000100000000, 0x0000000100000000)
 Metaspace       used 2726K, capacity 4490K, committed 4864K, reserved 1056768K
  class space    used 291K, capacity 386K, committed 512K, reserved 1048576K
}
1.046: Total time for which application threads were stopped: 0.0666110 seconds, Stopping threads took: 0.0000277 seconds
1.067: Application time: 0.0206278 seconds
{Heap before GC invocations=10 (full 0):
 par new generation   total 57344K, used 57344K [0x00000000c0000000, 0x00000000c4000000, 0x00000000c4000000)
  eden space 49152K, 100% used [0x00000000c0000000, 0x00000000c3000000, 0x00000000c3000000)
  from space 8192K, 100% used [0x00000000c3000000, 0x00000000c3800000, 0x00000000c3800000)
  to   space 8192K,   0% used [0x00000000c3800000, 0x00000000c3800000, 0x00000000c4000000)
 concurrent mark-sweep generation total 983040K, used 442289K [0x00000000c4000000, 0x0000000100000000, 0x0000000100000000)
 Metaspace       used 2726K, capacity 4490K, committed 4864K, reserved 1056768K
  class space    used 291K, capacity 386K, committed 512K, reserved 1048576K
1.067: [GC (Allocation Failure) 1.067: [ParNew
Desired survivor size 4194304 bytes, new threshold 1 (max 15)
- age   1:    8388328 bytes,    8388328 total
: 57344K->8192K(57344K), 0.0666587 secs] 499633K->499626K(1040384K), 0.0667962 secs] [Times: user=0.36 sys=0.02, real=0.07 secs] 
Heap after GC invocations=11 (full 0):
 par new generation   total 57344K, used 8192K [0x00000000c0000000, 0x00000000c4000000, 0x00000000c4000000)
  eden space 49152K,   0% used [0x00000000c0000000, 0x00000000c0000000, 0x00000000c3000000)
  from space 8192K, 100% used [0x00000000c3800000, 0x00000000c4000000, 0x00000000c4000000)
  to   space 8192K,   0% used [0x00000000c3000000, 0x00000000c3000000, 0x00000000c3800000)
 concurrent mark-sweep generation total 983040K, used 491434K [0x00000000c4000000, 0x0000000100000000, 0x0000000100000000)
 Metaspace       used 2726K, capacity 4490K, committed 4864K, reserved 1056768K
  class space    used 291K, capacity 386K, committed 512K, reserved 1048576K
}
1.134: Total time for which application threads were stopped: 0.0669782 seconds, Stopping threads took: 0.0000326 seconds
1.155: Application time: 0.0206059 seconds
{Heap before GC invocations=11 (full 0):
 par new generation   total 57344K, used 57344K [0x00000000c0000000, 0x00000000c4000000, 0x00000000c4000000)
  eden space 49152K, 100% used [0x00000000c0000000, 0x00000000c3000000, 0x00000000c3000000)
  from space 8192K, 100% used [0x00000000c3800000, 0x00000000c4000000, 0x00000000c4000000)
  to   space 8192K,   0% used [0x00000000c3000000, 0x00000000c3000000, 0x00000000c3800000)
 concurrent mark-sweep generation total 983040K, used 491434K [0x00000000c4000000, 0x0000000100000000, 0x0000000100000000)
 Metaspace       used 2726K, capacity 4490K, committed 4864K, reserved 1056768K
  class space    used 291K, capacity 386K, committed 512K, reserved 1048576K
1.155: [GC (Allocation Failure) 1.155: [ParNew
Desired survivor size 4194304 bytes, new threshold 1 (max 15)
- age   1:    8386512 bytes,    8386512 total
: 57344K->8190K(57344K), 0.0714916 secs] 548778K->548772K(1040384K), 0.0716317 secs] [Times: user=0.50 sys=0.00, real=0.07 secs] 
Heap after GC invocations=12 (full 0):
 par new generation   total 57344K, used 8190K [0x00000000c0000000, 0x00000000c4000000, 0x00000000c4000000)
  eden space 49152K,   0% used [0x00000000c0000000, 0x00000000c0000000, 0x00000000c3000000)
  from space 8192K,  99% used [0x00000000c3000000, 0x00000000c37ff880, 0x00000000c3800000)
  to   space 8192K,   0% used [0x00000000c3800000, 0x00000000c3800000, 0x00000000c4000000)
 concurrent mark-sweep generation total 983040K, used 540582K [0x00000000c4000000, 0x0000000100000000, 0x0000000100000000)
 Metaspace       used 2726K, capacity 4490K, committed 4864K, reserved 1056768K
  class space    used 291K, capacity 386K, committed 512K, reserved 1048576K
}
1.226: Total time for which application threads were stopped: 0.0718049 seconds, Stopping threads took: 0.0000272 seconds
1.226: Application time: 0.0000750 seconds
1.227: [GC (CMS Initial Mark)  (Survivor:8chunks) Finished young gen initial mark scan work in 4th thread: 0.001 sec
Finished young gen initial mark scan work in 0th thread: 0.001 sec
Finished young gen initial mark scan work in 3th thread: 0.001 sec
Finished young gen initial mark scan work in 5th thread: 0.001 sec
Finished remaining root initial mark scan work in 5th thread: 0.000 sec
Finished remaining root initial mark scan work in 0th thread: 0.000 sec
Finished remaining root initial mark scan work in 4th thread: 0.000 sec
Finished young gen initial mark scan work in 7th thread: 0.000 sec
Finished remaining root initial mark scan work in 3th thread: 0.000 sec
Finished remaining root initial mark scan work in 7th thread: 0.000 sec
Finished young gen initial mark scan work in 2th thread: 0.001 sec
Finished remaining root initial mark scan work in 2th thread: 0.000 sec
Finished young gen initial mark scan work in 1th thread: 0.001 sec
Finished remaining root initial mark scan work in 1th thread: 0.000 sec
Finished young gen initial mark scan work in 6th thread: 0.001 sec
Finished remaining root initial mark scan work in 6th thread: 0.000 sec
[1 CMS-initial-mark: 540582K(983040K)] 550738K(1040384K), 0.0016284 secs] [Times: user=0.00 sys=0.00, real=0.00 secs] 
1.229: Total time for which application threads were stopped: 0.0023133 seconds, Stopping threads took: 0.0005658 seconds
1.229: [CMS-concurrent-mark-start]
Finished cms space scanning in 0th thread: 0.004 sec
1.250: Application time: 0.0214279 seconds
{Heap before GC invocations=12 (full 1):
 par new generation   total 57344K, used 57342K [0x00000000c0000000, 0x00000000c4000000, 0x00000000c4000000)
  eden space 49152K, 100% used [0x00000000c0000000, 0x00000000c3000000, 0x00000000c3000000)
  from space 8192K,  99% used [0x00000000c3000000, 0x00000000c37ff880, 0x00000000c3800000)
  to   space 8192K,   0% used [0x00000000c3800000, 0x00000000c3800000, 0x00000000c4000000)
 concurrent mark-sweep generation total 983040K, used 540582K [0x00000000c4000000, 0x0000000100000000, 0x0000000100000000)
 Metaspace       used 2726K, capacity 4490K, committed 4864K, reserved 1056768K
  class space    used 291K, capacity 386K, committed 512K, reserved 1048576K
1.250: [GC (Allocation Failure) 1.250: [ParNew
Desired survivor size 4194304 bytes, new threshold 1 (max 15)
- age   1:    8388280 bytes,    8388280 total
: 57342K->8192K(57344K), 0.0857604 secs] 597924K->597917K(1040384K), 0.0859107 secs] [Times: user=0.50 sys=0.01, real=0.09 secs] 
Heap after GC invocations=13 (full 1):
 par new generation   total 57344K, used 8192K [0x00000000c0000000, 0x00000000c4000000, 0x00000000c4000000)
  eden space 49152K,   0% used [0x00000000c0000000, 0x00000000c0000000, 0x00000000c3000000)
  from space 8192K, 100% used [0x00000000c3800000, 0x00000000c4000000, 0x00000000c4000000)
  to   space 8192K,   0% used [0x00000000c3000000, 0x00000000c3000000, 0x00000000c3800000)
 concurrent mark-sweep generation total 983040K, used 589725K [0x00000000c4000000, 0x0000000100000000, 0x0000000100000000)
 Metaspace       used 2726K, capacity 4490K, committed 4864K, reserved 1056768K
  class space    used 291K, capacity 386K, committed 512K, reserved 1048576K
}
1.336: Total time for which application threads were stopped: 0.0861151 seconds, Stopping threads took: 0.0000272 seconds
1.364: Application time: 0.0275045 seconds
{Heap before GC invocations=13 (full 1):
 par new generation   total 57344K, used 53408K [0x00000000c0000000, 0x00000000c4000000, 0x00000000c4000000)
  eden space 49152K,  91% used [0x00000000c0000000, 0x00000000c2c28268, 0x00000000c3000000)
  from space 8192K, 100% used [0x00000000c3800000, 0x00000000c4000000, 0x00000000c4000000)
  to   space 8192K,   0% used [0x00000000c3000000, 0x00000000c3000000, 0x00000000c3800000)
 concurrent mark-sweep generation total 983040K, used 589725K [0x00000000c4000000, 0x0000000100000000, 0x0000000100000000)
 Metaspace       used 2726K, capacity 4490K, committed 4864K, reserved 1056768K
  class space    used 291K, capacity 386K, committed 512K, reserved 1048576K
1.364: [GC (Allocation Failure) 1.364: [ParNew
Desired survivor size 4194304 bytes, new threshold 1 (max 15)
- age   1:    8387560 bytes,    8387560 total
: 53408K->8191K(57344K), 0.0744904 secs] 643134K->642317K(1040384K), 0.0746591 secs] [Times: user=0.34 sys=0.06, real=0.07 secs] 
Heap after GC invocations=14 (full 1):
 par new generation   total 57344K, used 8191K [0x00000000c0000000, 0x00000000c4000000, 0x00000000c4000000)
  eden space 49152K,   0% used [0x00000000c0000000, 0x00000000c0000000, 0x00000000c3000000)
  from space 8192K,  99% used [0x00000000c3000000, 0x00000000c37ffcc0, 0x00000000c3800000)
  to   space 8192K,   0% used [0x00000000c3800000, 0x00000000c3800000, 0x00000000c4000000)
 concurrent mark-sweep generation total 983040K, used 634126K [0x00000000c4000000, 0x0000000100000000, 0x0000000100000000)
 Metaspace       used 2726K, capacity 4490K, committed 4864K, reserved 1056768K
  class space    used 291K, capacity 386K, committed 512K, reserved 1048576K
}
1.439: Total time for which application threads were stopped: 0.0748563 seconds, Stopping threads took: 0.0000268 seconds
1.459: Application time: 0.0200588 seconds
{Heap before GC invocations=14 (full 1):
 par new generation   total 57344K, used 57343K [0x00000000c0000000, 0x00000000c4000000, 0x00000000c4000000)
  eden space 49152K, 100% used [0x00000000c0000000, 0x00000000c3000000, 0x00000000c3000000)
  from space 8192K,  99% used [0x00000000c3000000, 0x00000000c37ffcc0, 0x00000000c3800000)
  to   space 8192K,   0% used [0x00000000c3800000, 0x00000000c3800000, 0x00000000c4000000)
 concurrent mark-sweep generation total 983040K, used 634126K [0x00000000c4000000, 0x0000000100000000, 0x0000000100000000)
 Metaspace       used 2726K, capacity 4490K, committed 4864K, reserved 1056768K
  class space    used 291K, capacity 386K, committed 512K, reserved 1048576K
1.459: [GC (Allocation Failure) 1.459: [ParNew
Desired survivor size 4194304 bytes, new threshold 1 (max 15)
- age   1:    8387376 bytes,    8387376 total
: 57343K->8191K(57344K), 0.0830664 secs] 691469K->691466K(1040384K), 0.0832185 secs] [Times: user=0.50 sys=0.02, real=0.08 secs] 
Heap after GC invocations=15 (full 1):
 par new generation   total 57344K, used 8191K [0x00000000c0000000, 0x00000000c4000000, 0x00000000c4000000)
  eden space 49152K,   0% used [0x00000000c0000000, 0x00000000c0000000, 0x00000000c3000000)
  from space 8192K,  99% used [0x00000000c3800000, 0x00000000c3fffc00, 0x00000000c4000000)
  to   space 8192K,   0% used [0x00000000c3000000, 0x00000000c3000000, 0x00000000c3800000)
 concurrent mark-sweep generation total 983040K, used 683275K [0x00000000c4000000, 0x0000000100000000, 0x0000000100000000)
 Metaspace       used 2726K, capacity 4490K, committed 4864K, reserved 1056768K
  class space    used 291K, capacity 386K, committed 512K, reserved 1048576K
}
1.542: Total time for which application threads were stopped: 0.0833961 seconds, Stopping threads took: 0.0000312 seconds
1.573: Application time: 0.0310687 seconds
{Heap before GC invocations=15 (full 1):
 par new generation   total 57344K, used 57343K [0x00000000c0000000, 0x00000000c4000000, 0x00000000c4000000)
  eden space 49152K, 100% used [0x00000000c0000000, 0x00000000c3000000, 0x00000000c3000000)
  from space 8192K,  99% used [0x00000000c3800000, 0x00000000c3fffc00, 0x00000000c4000000)
  to   space 8192K,   0% used [0x00000000c3000000, 0x00000000c3000000, 0x00000000c3800000)
 concurrent mark-sweep generation total 983040K, used 683275K [0x00000000c4000000, 0x0000000100000000, 0x0000000100000000)
 Metaspace       used 2726K, capacity 4490K, committed 4864K, reserved 1056768K
  class space    used 291K, capacity 386K, committed 512K, reserved 1048576K
1.573: [GC (Allocation Failure) 1.573: [ParNew
Desired survivor size 4194304 bytes, new threshold 1 (max 15)
- age   1:    8387200 bytes,    8387200 total
: 57343K->8190K(57344K), 0.0818146 secs] 740618K->740611K(1040384K), 0.0819481 secs] [Times: user=0.50 sys=0.03, real=0.08 secs] 
Heap after GC invocations=16 (full 1):
 par new generation   total 57344K, used 8190K [0x00000000c0000000, 0x00000000c4000000, 0x00000000c4000000)
  eden space 49152K,   0% used [0x00000000c0000000, 0x00000000c0000000, 0x00000000c3000000)
  from space 8192K,  99% used [0x00000000c3000000, 0x00000000c37ffb40, 0x00000000c3800000)
  to   space 8192K,   0% used [0x00000000c3800000, 0x00000000c3800000, 0x00000000c4000000)
 concurrent mark-sweep generation total 983040K, used 732420K [0x00000000c4000000, 0x0000000100000000, 0x0000000100000000)
 Metaspace       used 2726K, capacity 4490K, committed 4864K, reserved 1056768K
  class space    used 291K, capacity 386K, committed 512K, reserved 1048576K
}
1.655: Total time for which application threads were stopped: 0.0821172 seconds, Stopping threads took: 0.0000259 seconds
1.676: Application time: 0.0207501 seconds
{Heap before GC invocations=16 (full 1):
 par new generation   total 57344K, used 57342K [0x00000000c0000000, 0x00000000c4000000, 0x00000000c4000000)
  eden space 49152K, 100% used [0x00000000c0000000, 0x00000000c3000000, 0x00000000c3000000)
  from space 8192K,  99% used [0x00000000c3000000, 0x00000000c37ffb40, 0x00000000c3800000)
  to   space 8192K,   0% used [0x00000000c3800000, 0x00000000c3800000, 0x00000000c4000000)
 concurrent mark-sweep generation total 983040K, used 732420K [0x00000000c4000000, 0x0000000100000000, 0x0000000100000000)
 Metaspace       used 2726K, capacity 4490K, committed 4864K, reserved 1056768K
  class space    used 291K, capacity 386K, committed 512K, reserved 1048576K
1.676: [GC (Allocation Failure) 1.676: [ParNew
Desired survivor size 4194304 bytes, new threshold 1 (max 15)
- age   1:    8386968 bytes,    8386968 total
: 57342K->8190K(57344K), 0.0833042 secs] 789763K->789756K(1040384K), 0.0835220 secs] [Times: user=0.44 sys=0.01, real=0.08 secs] 
Heap after GC invocations=17 (full 1):
 par new generation   total 57344K, used 8190K [0x00000000c0000000, 0x00000000c4000000, 0x00000000c4000000)
  eden space 49152K,   0% used [0x00000000c0000000, 0x00000000c0000000, 0x00000000c3000000)
  from space 8192K,  99% used [0x00000000c3800000, 0x00000000c3fffa80, 0x00000000c4000000)
  to   space 8192K,   0% used [0x00000000c3000000, 0x00000000c3000000, 0x00000000c3800000)
 concurrent mark-sweep generation total 983040K, used 781565K [0x00000000c4000000, 0x0000000100000000, 0x0000000100000000)
 Metaspace       used 2726K, capacity 4490K, committed 4864K, reserved 1056768K
  class space    used 291K, capacity 386K, committed 512K, reserved 1048576K
}
1.760: Total time for which application threads were stopped: 0.0837219 seconds, Stopping threads took: 0.0000277 seconds
1.781: Application time: 0.0212526 seconds
{Heap before GC invocations=17 (full 1):
 par new generation   total 57344K, used 57342K [0x00000000c0000000, 0x00000000c4000000, 0x00000000c4000000)
  eden space 49152K, 100% used [0x00000000c0000000, 0x00000000c3000000, 0x00000000c3000000)
  from space 8192K,  99% used [0x00000000c3800000, 0x00000000c3fffa80, 0x00000000c4000000)
  to   space 8192K,   0% used [0x00000000c3000000, 0x00000000c3000000, 0x00000000c3800000)
 concurrent mark-sweep generation total 983040K, used 781565K [0x00000000c4000000, 0x0000000100000000, 0x0000000100000000)
 Metaspace       used 2726K, capacity 4490K, committed 4864K, reserved 1056768K
  class space    used 291K, capacity 386K, committed 512K, reserved 1048576K
1.781: [GC (Allocation Failure) 1.781: [ParNew
Desired survivor size 4194304 bytes, new threshold 1 (max 15)
- age   1:    8386792 bytes,    8386792 total
: 57342K->8190K(57344K), 0.0730249 secs] 838908K->838901K(1040384K), 0.0731606 secs] [Times: user=0.39 sys=0.06, real=0.07 secs] 
Heap after GC invocations=18 (full 1):
 par new generation   total 57344K, used 8190K [0x00000000c0000000, 0x00000000c4000000, 0x00000000c4000000)
  eden space 49152K,   0% used [0x00000000c0000000, 0x00000000c0000000, 0x00000000c3000000)
  from space 8192K,  99% used [0x00000000c3000000, 0x00000000c37ff9c0, 0x00000000c3800000)
  to   space 8192K,   0% used [0x00000000c3800000, 0x00000000c3800000, 0x00000000c4000000)
 concurrent mark-sweep generation total 983040K, used 830710K [0x00000000c4000000, 0x0000000100000000, 0x0000000100000000)
 Metaspace       used 2726K, capacity 4490K, committed 4864K, reserved 1056768K
  class space    used 291K, capacity 386K, committed 512K, reserved 1048576K
}
1.854: Total time for which application threads were stopped: 0.0733270 seconds, Stopping threads took: 0.0000272 seconds
1.875: Application time: 0.0210897 seconds
{Heap before GC invocations=18 (full 1):
 par new generation   total 57344K, used 57342K [0x00000000c0000000, 0x00000000c4000000, 0x00000000c4000000)
  eden space 49152K, 100% used [0x00000000c0000000, 0x00000000c3000000, 0x00000000c3000000)
  from space 8192K,  99% used [0x00000000c3000000, 0x00000000c37ff9c0, 0x00000000c3800000)
  to   space 8192K,   0% used [0x00000000c3800000, 0x00000000c3800000, 0x00000000c4000000)
 concurrent mark-sweep generation total 983040K, used 830710K [0x00000000c4000000, 0x0000000100000000, 0x0000000100000000)
 Metaspace       used 2726K, capacity 4490K, committed 4864K, reserved 1056768K
  class space    used 291K, capacity 386K, committed 512K, reserved 1048576K
1.876: [GC (Allocation Failure) 1.876: [ParNew
Desired survivor size 4194304 bytes, new threshold 1 (max 15)
- age   1:    8386640 bytes,    8386640 total
: 57342K->8190K(57344K), 0.0708222 secs] 888053K->888046K(1040384K), 0.0709628 secs] [Times: user=0.47 sys=0.05, real=0.07 secs] 
Heap after GC invocations=19 (full 1):
 par new generation   total 57344K, used 8190K [0x00000000c0000000, 0x00000000c4000000, 0x00000000c4000000)
  eden space 49152K,   0% used [0x00000000c0000000, 0x00000000c0000000, 0x00000000c3000000)
  from space 8192K,  99% used [0x00000000c3800000, 0x00000000c3fff900, 0x00000000c4000000)
  to   space 8192K,   0% used [0x00000000c3000000, 0x00000000c3000000, 0x00000000c3800000)
 concurrent mark-sweep generation total 983040K, used 879855K [0x00000000c4000000, 0x0000000100000000, 0x0000000100000000)
 Metaspace       used 2726K, capacity 4490K, committed 4864K, reserved 1056768K
  class space    used 291K, capacity 386K, committed 512K, reserved 1048576K
}
1.947: Total time for which application threads were stopped: 0.0711426 seconds, Stopping threads took: 0.0000272 seconds
1.968: Application time: 0.0209112 seconds
{Heap before GC invocations=19 (full 1):
 par new generation   total 57344K, used 57342K [0x00000000c0000000, 0x00000000c4000000, 0x00000000c4000000)
  eden space 49152K, 100% used [0x00000000c0000000, 0x00000000c3000000, 0x00000000c3000000)
  from space 8192K,  99% used [0x00000000c3800000, 0x00000000c3fff900, 0x00000000c4000000)
  to   space 8192K,   0% used [0x00000000c3000000, 0x00000000c3000000, 0x00000000c3800000)
 concurrent mark-sweep generation total 983040K, used 879855K [0x00000000c4000000, 0x0000000100000000, 0x0000000100000000)
 Metaspace       used 2726K, capacity 4490K, committed 4864K, reserved 1056768K
  class space    used 291K, capacity 386K, committed 512K, reserved 1048576K
1.968: [GC (Allocation Failure) 1.968: [ParNew
Desired survivor size 4194304 bytes, new threshold 1 (max 15)
- age   1:    8386384 bytes,    8386384 total
: 57342K->8190K(57344K), 0.0717991 secs] 937198K->937191K(1040384K), 0.0719316 secs] [Times: user=0.45 sys=0.03, real=0.07 secs] 
Heap after GC invocations=20 (full 1):
 par new generation   total 57344K, used 8190K [0x00000000c0000000, 0x00000000c4000000, 0x00000000c4000000)
  eden space 49152K,   0% used [0x00000000c0000000, 0x00000000c0000000, 0x00000000c3000000)
  from space 8192K,  99% used [0x00000000c3000000, 0x00000000c37ff840, 0x00000000c3800000)
  to   space 8192K,   0% used [0x00000000c3800000, 0x00000000c3800000, 0x00000000c4000000)
 concurrent mark-sweep generation total 983040K, used 929001K [0x00000000c4000000, 0x0000000100000000, 0x0000000100000000)
 Metaspace       used 2726K, capacity 4490K, committed 4864K, reserved 1056768K
  class space    used 291K, capacity 386K, committed 512K, reserved 1048576K
}
2.040: Total time for which application threads were stopped: 0.0720967 seconds, Stopping threads took: 0.0000263 seconds
2.055: Application time: 0.0149551 seconds
{Heap before GC invocations=20 (full 1):
 par new generation   total 57344K, used 42576K [0x00000000c0000000, 0x00000000c4000000, 0x00000000c4000000)
  eden space 49152K,  69% used [0x00000000c0000000, 0x00000000c2194a80, 0x00000000c3000000)
  from space 8192K,  99% used [0x00000000c3000000, 0x00000000c37ff840, 0x00000000c3800000)
  to   space 8192K,   0% used [0x00000000c3800000, 0x00000000c3800000, 0x00000000c4000000)
 concurrent mark-sweep generation total 983040K, used 929001K [0x00000000c4000000, 0x0000000100000000, 0x0000000100000000)
 Metaspace       used 2726K, capacity 4490K, committed 4864K, reserved 1056768K
  class space    used 291K, capacity 386K, committed 512K, reserved 1048576K
2.055: [GC (Allocation Failure) 2.055: [ParNew
Desired survivor size 4194304 bytes, new threshold 1 (max 15)
- age   1:    8388384 bytes,    8388384 total
: 42576K->8192K(57344K), 0.0511266 secs] 971577K->970819K(1040384K), 0.0512574 secs] [Times: user=0.38 sys=0.00, real=0.05 secs] 
Heap after GC invocations=21 (full 1):
 par new generation   total 57344K, used 8192K [0x00000000c0000000, 0x00000000c4000000, 0x00000000c4000000)
  eden space 49152K,   0% used [0x00000000c0000000, 0x00000000c0000000, 0x00000000c3000000)
  from space 8192K, 100% used [0x00000000c3800000, 0x00000000c4000000, 0x00000000c4000000)
  to   space 8192K,   0% used [0x00000000c3000000, 0x00000000c3000000, 0x00000000c3800000)
 concurrent mark-sweep generation total 983040K, used 962627K [0x00000000c4000000, 0x0000000100000000, 0x0000000100000000)
 Metaspace       used 2726K, capacity 4490K, committed 4864K, reserved 1056768K
  class space    used 291K, capacity 386K, committed 512K, reserved 1048576K
}
2.106: Total time for which application threads were stopped: 0.0514252 seconds, Stopping threads took: 0.0000277 seconds
2.119: Application time: 0.0130679 seconds
{Heap before GC invocations=21 (full 1):
 par new generation   total 57344K, used 57344K [0x00000000c0000000, 0x00000000c4000000, 0x00000000c4000000)
  eden space 49152K, 100% used [0x00000000c0000000, 0x00000000c3000000, 0x00000000c3000000)
  from space 8192K, 100% used [0x00000000c3800000, 0x00000000c4000000, 0x00000000c4000000)
  to   space 8192K,   0% used [0x00000000c3000000, 0x00000000c3000000, 0x00000000c3800000)
 concurrent mark-sweep generation total 983040K, used 962627K [0x00000000c4000000, 0x0000000100000000, 0x0000000100000000)
 Metaspace       used 2726K, capacity 4490K, committed 4864K, reserved 1056768K
  class space    used 291K, capacity 386K, committed 512K, reserved 1048576K
2.119: [GC (Allocation Failure) 2.119: [ParNew: 57344K->57344K(57344K), 0.0000379 secs]2.119: [CMSFinished cms space scanning in 1th thread: 1.294 sec
Finished work stealing in 1th thread: 0.000 sec
Finished work stealing in 0th thread: 1.290 sec
2.523: [CMS-concurrent-mark: 0.614/1.294 secs] (CMS-concurrent-mark yielded 10 times)
 [Times: user=5.39 sys=0.30, real=1.29 secs] 
 (concurrent mode failure): 962627K->962082K(983040K), 2.3209089 secs] 1019971K->962082K(1040384K), [Metaspace: 2726K->2726K(1056768K)], 2.3211615 secs] [Times: user=2.72 sys=0.00, real=2.32 secs] 
Heap after GC invocations=22 (full 2):
 par new generation   total 57344K, used 0K [0x00000000c0000000, 0x00000000c4000000, 0x00000000c4000000)
  eden space 49152K,   0% used [0x00000000c0000000, 0x00000000c0000000, 0x00000000c3000000)
  from space 8192K,   0% used [0x00000000c3800000, 0x00000000c3800000, 0x00000000c4000000)
  to   space 8192K,   0% used [0x00000000c3000000, 0x00000000c3000000, 0x00000000c3800000)
 concurrent mark-sweep generation total 983040K, used 962082K [0x00000000c4000000, 0x0000000100000000, 0x0000000100000000)
 Metaspace       used 2726K, capacity 4490K, committed 4864K, reserved 1056768K
  class space    used 291K, capacity 386K, committed 512K, reserved 1048576K
}
4.440: Total time for which application threads were stopped: 2.3213493 seconds, Stopping threads took: 0.0000308 seconds
4.464: Application time: 0.0236989 seconds
{Heap before GC invocations=22 (full 2):
 par new generation   total 57344K, used 49152K [0x00000000c0000000, 0x00000000c4000000, 0x00000000c4000000)
  eden space 49152K, 100% used [0x00000000c0000000, 0x00000000c3000000, 0x00000000c3000000)
  from space 8192K,   0% used [0x00000000c3800000, 0x00000000c3800000, 0x00000000c4000000)
  to   space 8192K,   0% used [0x00000000c3000000, 0x00000000c3000000, 0x00000000c3800000)
 concurrent mark-sweep generation total 983040K, used 962082K [0x00000000c4000000, 0x0000000100000000, 0x0000000100000000)
 Metaspace       used 2726K, capacity 4490K, committed 4864K, reserved 1056768K
  class space    used 291K, capacity 386K, committed 512K, reserved 1048576K
4.464: [GC (Allocation Failure) 4.464: [ParNew: 49152K->49152K(57344K), 0.0000286 secs]4.464: [CMS: 962082K->983039K(983040K), 2.0736296 secs] 1011234K->1011228K(1040384K), [Metaspace: 2726K->2726K(1056768K)], 2.0737947 secs] [Times: user=1.97 sys=0.11, real=2.07 secs] 
Heap after GC invocations=23 (full 3):
 par new generation   total 57344K, used 28188K [0x00000000c0000000, 0x00000000c4000000, 0x00000000c4000000)
  eden space 49152K,  57% used [0x00000000c0000000, 0x00000000c1b87160, 0x00000000c3000000)
  from space 8192K,   0% used [0x00000000c3800000, 0x00000000c3800000, 0x00000000c4000000)
  to   space 8192K,   0% used [0x00000000c3000000, 0x00000000c3000000, 0x00000000c3800000)
 concurrent mark-sweep generation total 983040K, used 983039K [0x00000000c4000000, 0x0000000100000000, 0x0000000100000000)
 Metaspace       used 2726K, capacity 4490K, committed 4864K, reserved 1056768K
  class space    used 291K, capacity 386K, committed 512K, reserved 1048576K
}
6.538: Total time for which application threads were stopped: 2.0739669 seconds, Stopping threads took: 0.0000237 seconds
6.538: Application time: 0.0001147 seconds
6.539: [GC (CMS Initial Mark)  (Survivor:0chunks) Finished young gen initial mark scan work in 2th thread: 0.000 sec
Finished young gen initial mark scan work in 3th thread: 0.000 sec
Finished young gen initial mark scan work in 4th thread: 0.000 sec
Finished remaining root initial mark scan work in 3th thread: 0.000 sec
Finished young gen initial mark scan work in 5th thread: 0.000 sec
Finished remaining root initial mark scan work in 2th thread: 0.000 sec
Finished remaining root initial mark scan work in 5th thread: 0.000 sec
Finished young gen initial mark scan work in 6th thread: 0.000 sec
Finished remaining root initial mark scan work in 6th thread: 0.000 sec
Finished young gen initial mark scan work in 7th thread: 0.000 sec
Finished remaining root initial mark scan work in 4th thread: 0.000 sec
Finished remaining root initial mark scan work in 7th thread: 0.000 sec
Finished young gen initial mark scan work in 1th thread: 0.001 sec
Finished remaining root initial mark scan work in 1th thread: 0.000 sec
Finished young gen initial mark scan work in 0th thread: 0.017 sec
Finished remaining root initial mark scan work in 0th thread: 0.000 sec
[1 CMS-initial-mark: 983039K(983040K)] 1013185K(1040384K), 0.0170877 secs] [Times: user=0.01 sys=0.00, real=0.02 secs] 
6.556: Total time for which application threads were stopped: 0.0178200 seconds, Stopping threads took: 0.0005975 seconds
6.556: [CMS-concurrent-mark-start]
Finished cms space scanning in 1th thread: 0.002 sec
6.617: Application time: 0.0604577 seconds
{Heap before GC invocations=23 (full 4):
 par new generation   total 57344K, used 57343K [0x00000000c0000000, 0x00000000c4000000, 0x00000000c4000000)
  eden space 49152K, 100% used [0x00000000c0000000, 0x00000000c3000000, 0x00000000c3000000)
  from space 8192K,  99% used [0x00000000c3800000, 0x00000000c3fffff0, 0x00000000c4000000)
  to   space 8192K,   0% used [0x00000000c3000000, 0x00000000c3000000, 0x00000000c3800000)
 concurrent mark-sweep generation total 983040K, used 983039K [0x00000000c4000000, 0x0000000100000000, 0x0000000100000000)
 Metaspace       used 2726K, capacity 4490K, committed 4864K, reserved 1056768K
  class space    used 291K, capacity 386K, committed 512K, reserved 1048576K
6.617: [Full GC (Allocation Failure) 6.617: [CMSCMS marking stack overflow (benign) at 4194304
Finished cms space scanning in 0th thread: 0.558 sec
Finished work stealing in 0th thread: 0.000 sec
Finished work stealing in 1th thread: 0.556 sec
bailing out to foreground collection
7.114: [CMS-concurrent-mark: 0.556/0.558 secs] (CMS-concurrent-mark yielded 2 times)
 [Times: user=1.13 sys=0.03, real=0.56 secs] 
 (concurrent mode failure): 983039K->983039K(983040K), 2.6816887 secs] 1040383K->1040380K(1040384K), [Metaspace: 2726K->2726K(1056768K)], 2.6818386 secs] [Times: user=2.95 sys=0.14, real=2.68 secs] 
Heap after GC invocations=24 (full 5):
 par new generation   total 57344K, used 57340K [0x00000000c0000000, 0x00000000c4000000, 0x00000000c4000000)
  eden space 49152K, 100% used [0x00000000c0000000, 0x00000000c3000000, 0x00000000c3000000)
  from space 8192K,  99% used [0x00000000c3800000, 0x00000000c3fff178, 0x00000000c4000000)
  to   space 8192K,   0% used [0x00000000c3000000, 0x00000000c3000000, 0x00000000c3800000)
 concurrent mark-sweep generation total 983040K, used 983039K [0x00000000c4000000, 0x0000000100000000, 0x0000000100000000)
 Metaspace       used 2726K, capacity 4490K, committed 4864K, reserved 1056768K
  class space    used 291K, capacity 386K, committed 512K, reserved 1048576K
}
9.299: Total time for which application threads were stopped: 2.6820145 seconds, Stopping threads took: 0.0000290 seconds
9.299: Application time: 0.0001165 seconds
{Heap before GC invocations=24 (full 5):
 par new generation   total 57344K, used 57343K [0x00000000c0000000, 0x00000000c4000000, 0x00000000c4000000)
  eden space 49152K, 100% used [0x00000000c0000000, 0x00000000c3000000, 0x00000000c3000000)
  from space 8192K,  99% used [0x00000000c3800000, 0x00000000c3fffff8, 0x00000000c4000000)
  to   space 8192K,   0% used [0x00000000c3000000, 0x00000000c3000000, 0x00000000c3800000)
 concurrent mark-sweep generation total 983040K, used 983039K [0x00000000c4000000, 0x0000000100000000, 0x0000000100000000)
 Metaspace       used 2726K, capacity 4490K, committed 4864K, reserved 1056768K
  class space    used 291K, capacity 386K, committed 512K, reserved 1048576K
9.299: [Full GC (Allocation Failure) 9.299: [CMS: 983039K->983039K(983040K), 2.1467281 secs] 1040383K->1040383K(1040384K), [Metaspace: 2726K->2726K(1056768K)], 2.1468410 secs] [Times: user=1.98 sys=0.17, real=2.15 secs] 
Heap after GC invocations=25 (full 6):
 par new generation   total 57344K, used 57343K [0x00000000c0000000, 0x00000000c4000000, 0x00000000c4000000)
  eden space 49152K, 100% used [0x00000000c0000000, 0x00000000c3000000, 0x00000000c3000000)
  from space 8192K,  99% used [0x00000000c3800000, 0x00000000c3fffff8, 0x00000000c4000000)
  to   space 8192K,   0% used [0x00000000c3000000, 0x00000000c3000000, 0x00000000c3800000)
 concurrent mark-sweep generation total 983040K, used 983039K [0x00000000c4000000, 0x0000000100000000, 0x0000000100000000)
 Metaspace       used 2726K, capacity 4490K, committed 4864K, reserved 1056768K
  class space    used 291K, capacity 386K, committed 512K, reserved 1048576K
}
{Heap before GC invocations=25 (full 6):
 par new generation   total 57344K, used 57343K [0x00000000c0000000, 0x00000000c4000000, 0x00000000c4000000)
  eden space 49152K, 100% used [0x00000000c0000000, 0x00000000c3000000, 0x00000000c3000000)
  from space 8192K,  99% used [0x00000000c3800000, 0x00000000c3fffff8, 0x00000000c4000000)
  to   space 8192K,   0% used [0x00000000c3000000, 0x00000000c3000000, 0x00000000c3800000)
 concurrent mark-sweep generation total 983040K, used 983039K [0x00000000c4000000, 0x0000000100000000, 0x0000000100000000)
 Metaspace       used 2726K, capacity 4490K, committed 4864K, reserved 1056768K
  class space    used 291K, capacity 386K, committed 512K, reserved 1048576K
11.446: [Full GC (Allocation Failure) 11.446: [CMS: 983039K->983039K(983040K), 2.5136474 secs] 1040383K->1040371K(1040384K), [Metaspace: 2726K->2726K(1056768K)], 2.5137237 secs] [Times: user=2.39 sys=0.13, real=2.51 secs] 
Heap after GC invocations=26 (full 7):
 par new generation   total 57344K, used 57331K [0x00000000c0000000, 0x00000000c4000000, 0x00000000c4000000)
  eden space 49152K, 100% used [0x00000000c0000000, 0x00000000c3000000, 0x00000000c3000000)
  from space 8192K,  99% used [0x00000000c3800000, 0x00000000c3ffcfa0, 0x00000000c4000000)
  to   space 8192K,   0% used [0x00000000c3000000, 0x00000000c3000000, 0x00000000c3800000)
 concurrent mark-sweep generation total 983040K, used 983039K [0x00000000c4000000, 0x0000000100000000, 0x0000000100000000)
 Metaspace       used 2726K, capacity 4490K, committed 4864K, reserved 1056768K
  class space    used 291K, capacity 386K, committed 512K, reserved 1048576K
}
13.959: Total time for which application threads were stopped: 4.6608097 seconds, Stopping threads took: 0.0000210 seconds
13.960: Application time: 0.0000785 seconds
13.960: [GC (CMS Initial Mark)  (Survivor:0chunks) Finished young gen initial mark scan work in 2th thread: 0.000 sec
Finished young gen initial mark scan work in 3th thread: 0.000 sec
Finished young gen initial mark scan work in 4th thread: 0.000 sec
Finished young gen initial mark scan work in 5th thread: 0.000 sec
Finished remaining root initial mark scan work in 3th thread: 0.000 sec
Finished remaining root initial mark scan work in 5th thread: 0.000 sec
Finished remaining root initial mark scan work in 2th thread: 0.000 sec
Finished young gen initial mark scan work in 6th thread: 0.000 sec
Finished young gen initial mark scan work in 7th thread: 0.000 sec
Finished remaining root initial mark scan work in 6th thread: 0.000 sec
Finished remaining root initial mark scan work in 7th thread: 0.000 sec
Finished remaining root initial mark scan work in 4th thread: 0.000 sec
Finished young gen initial mark scan work in 0th thread: 0.005 sec
Finished remaining root initial mark scan work in 0th thread: 0.000 sec
Finished young gen initial mark scan work in 1th thread: 0.029 sec
Finished remaining root initial mark scan work in 1th thread: 0.000 sec
[1 CMS-initial-mark: 983039K(983040K)] 1040371K(1040384K), 0.0290418 secs] [Times: user=0.03 sys=0.00, real=0.03 secs] 
13.989: Total time for which application threads were stopped: 0.0291828 seconds, Stopping threads took: 0.0000183 seconds
13.989: [CMS-concurrent-mark-start]
13.989: Application time: 0.0002146 seconds
{Heap before GC invocations=26 (full 8):
 par new generation   total 57344K, used 57343K [0x00000000c0000000, 0x00000000c4000000, 0x00000000c4000000)
  eden space 49152K, 100% used [0x00000000c0000000, 0x00000000c3000000, 0x00000000c3000000)
  from space 8192K,  99% used [0x00000000c3800000, 0x00000000c3fffff8, 0x00000000c4000000)
  to   space 8192K,   0% used [0x00000000c3000000, 0x00000000c3000000, 0x00000000c3800000)
 concurrent mark-sweep generation total 983040K, used 983039K [0x00000000c4000000, 0x0000000100000000, 0x0000000100000000)
 Metaspace       used 2726K, capacity 4490K, committed 4864K, reserved 1056768K
  class space    used 291K, capacity 386K, committed 512K, reserved 1048576K
13.989: [Full GC (Allocation Failure) 13.989: [CMSFinished cms space scanning in 0th thread: 0.004 sec
Finished cms space scanning in 1th thread: 1.147 sec
Finished work stealing in 1th thread: 0.000 sec
Finished work stealing in 0th thread: 1.143 sec
15.135: [CMS-concurrent-mark: 1.146/1.147 secs] (CMS-concurrent-mark yielded 1 times)
 [Times: user=2.16 sys=0.08, real=1.15 secs] 
 (concurrent mode failure): 983039K->983039K(983040K), 3.3238238 secs] 1040383K->1040383K(1040384K), [Metaspace: 2726K->2726K(1056768K)], 3.3239206 secs] [Times: user=4.13 sys=0.24, real=3.32 secs] 
Heap after GC invocations=27 (full 9):
 par new generation   total 57344K, used 57343K [0x00000000c0000000, 0x00000000c4000000, 0x00000000c4000000)
  eden space 49152K, 100% used [0x00000000c0000000, 0x00000000c3000000, 0x00000000c3000000)
  from space 8192K,  99% used [0x00000000c3800000, 0x00000000c3fffff8, 0x00000000c4000000)
  to   space 8192K,   0% used [0x00000000c3000000, 0x00000000c3000000, 0x00000000c3800000)
 concurrent mark-sweep generation total 983040K, used 983039K [0x00000000c4000000, 0x0000000100000000, 0x0000000100000000)
 Metaspace       used 2726K, capacity 4490K, committed 4864K, reserved 1056768K
  class space    used 291K, capacity 386K, committed 512K, reserved 1048576K
}
{Heap before GC invocations=27 (full 9):
 par new generation   total 57344K, used 57343K [0x00000000c0000000, 0x00000000c4000000, 0x00000000c4000000)
  eden space 49152K, 100% used [0x00000000c0000000, 0x00000000c3000000, 0x00000000c3000000)
  from space 8192K,  99% used [0x00000000c3800000, 0x00000000c3fffff8, 0x00000000c4000000)
  to   space 8192K,   0% used [0x00000000c3000000, 0x00000000c3000000, 0x00000000c3800000)
 concurrent mark-sweep generation total 983040K, used 983039K [0x00000000c4000000, 0x0000000100000000, 0x0000000100000000)
 Metaspace       used 2726K, capacity 4490K, committed 4864K, reserved 1056768K
  class space    used 291K, capacity 386K, committed 512K, reserved 1048576K
17.313: [Full GC (Allocation Failure) 17.313: [CMS: 983039K->983039K(983040K), 2.0952016 secs] 1040383K->1040383K(1040384K), [Metaspace: 2726K->2726K(1056768K)], 2.0952962 secs] [Times: user=1.98 sys=0.11, real=2.10 secs] 
Heap after GC invocations=28 (full 10):
 par new generation   total 57344K, used 57343K [0x00000000c0000000, 0x00000000c4000000, 0x00000000c4000000)
  eden space 49152K, 100% used [0x00000000c0000000, 0x00000000c3000000, 0x00000000c3000000)
  from space 8192K,  99% used [0x00000000c3800000, 0x00000000c3fffff8, 0x00000000c4000000)
  to   space 8192K,   0% used [0x00000000c3000000, 0x00000000c3000000, 0x00000000c3800000)
 concurrent mark-sweep generation total 983040K, used 983039K [0x00000000c4000000, 0x0000000100000000, 0x0000000100000000)
 Metaspace       used 2726K, capacity 4490K, committed 4864K, reserved 1056768K
  class space    used 291K, capacity 386K, committed 512K, reserved 1048576K
}
19.408: Total time for which application threads were stopped: 5.4194904 seconds, Stopping threads took: 0.0000178 seconds
19.409: Application time: 0.0002200 seconds
{Heap before GC invocations=28 (full 10):
 par new generation   total 57344K, used 57343K [0x00000000c0000000, 0x00000000c4000000, 0x00000000c4000000)
  eden space 49152K, 100% used [0x00000000c0000000, 0x00000000c3000000, 0x00000000c3000000)
  from space 8192K,  99% used [0x00000000c3800000, 0x00000000c3fffff8, 0x00000000c4000000)
  to   space 8192K,   0% used [0x00000000c3000000, 0x00000000c3000000, 0x00000000c3800000)
 concurrent mark-sweep generation total 983040K, used 983040K [0x00000000c4000000, 0x0000000100000000, 0x0000000100000000)
 Metaspace       used 2726K, capacity 4490K, committed 4864K, reserved 1056768K
  class space    used 291K, capacity 386K, committed 512K, reserved 1048576K
19.409: [Full GC (Allocation Failure) 19.409: [CMS: 983040K->983039K(983040K), 2.1435106 secs] 1040383K->1040383K(1040384K), [Metaspace: 2726K->2726K(1056768K)], 2.1436106 secs] [Times: user=1.94 sys=0.13, real=2.14 secs] 
Heap after GC invocations=29 (full 11):
 par new generation   total 57344K, used 57343K [0x00000000c0000000, 0x00000000c4000000, 0x00000000c4000000)
  eden space 49152K, 100% used [0x00000000c0000000, 0x00000000c3000000, 0x00000000c3000000)
  from space 8192K,  99% used [0x00000000c3800000, 0x00000000c3fffff8, 0x00000000c4000000)
  to   space 8192K,   0% used [0x00000000c3000000, 0x00000000c3000000, 0x00000000c3800000)
 concurrent mark-sweep generation total 983040K, used 983039K [0x00000000c4000000, 0x0000000100000000, 0x0000000100000000)
 Metaspace       used 2726K, capacity 4490K, committed 4864K, reserved 1056768K
  class space    used 291K, capacity 386K, committed 512K, reserved 1048576K
}
{Heap before GC invocations=29 (full 11):
 par new generation   total 57344K, used 57343K [0x00000000c0000000, 0x00000000c4000000, 0x00000000c4000000)
  eden space 49152K, 100% used [0x00000000c0000000, 0x00000000c3000000, 0x00000000c3000000)
  from space 8192K,  99% used [0x00000000c3800000, 0x00000000c3fffff8, 0x00000000c4000000)
  to   space 8192K,   0% used [0x00000000c3000000, 0x00000000c3000000, 0x00000000c3800000)
 concurrent mark-sweep generation total 983040K, used 983039K [0x00000000c4000000, 0x0000000100000000, 0x0000000100000000)
 Metaspace       used 2726K, capacity 4490K, committed 4864K, reserved 1056768K
  class space    used 291K, capacity 386K, committed 512K, reserved 1048576K
21.552: [Full GC (Allocation Failure) 21.552: [CMS: 983039K->983039K(983040K), 2.1521469 secs] 1040383K->1040383K(1040384K), [Metaspace: 2726K->2726K(1056768K)], 2.1522268 secs] [Times: user=2.05 sys=0.09, real=2.15 secs] 
Heap after GC invocations=30 (full 12):
 par new generation   total 57344K, used 57343K [0x00000000c0000000, 0x00000000c4000000, 0x00000000c4000000)
  eden space 49152K, 100% used [0x00000000c0000000, 0x00000000c3000000, 0x00000000c3000000)
  from space 8192K,  99% used [0x00000000c3800000, 0x00000000c3fffff8, 0x00000000c4000000)
  to   space 8192K,   0% used [0x00000000c3000000, 0x00000000c3000000, 0x00000000c3800000)
 concurrent mark-sweep generation total 983040K, used 983039K [0x00000000c4000000, 0x0000000100000000, 0x0000000100000000)
 Metaspace       used 2726K, capacity 4490K, committed 4864K, reserved 1056768K
  class space    used 291K, capacity 386K, committed 512K, reserved 1048576K
}
23.705: Total time for which application threads were stopped: 4.2960699 seconds, Stopping threads took: 0.0000138 seconds
23.705: Application time: 0.0001209 seconds
23.705: [GC (CMS Initial Mark)  (Survivor:0chunks) Finished young gen initial mark scan work in 2th thread: 0.000 sec
Finished young gen initial mark scan work in 3th thread: 0.000 sec
Finished young gen initial mark scan work in 4th thread: 0.000 sec
Finished remaining root initial mark scan work in 4th thread: 0.000 sec
Finished young gen initial mark scan work in 5th thread: 0.000 sec
Finished remaining root initial mark scan work in 5th thread: 0.000 sec
Finished young gen initial mark scan work in 6th thread: 0.000 sec
Finished remaining root initial mark scan work in 6th thread: 0.000 sec
Finished young gen initial mark scan work in 7th thread: 0.000 sec
Finished remaining root initial mark scan work in 2th thread: 0.000 sec
Finished remaining root initial mark scan work in 7th thread: 0.000 sec
Finished remaining root initial mark scan work in 3th thread: 0.000 sec
Finished young gen initial mark scan work in 0th thread: 0.005 sec
Finished remaining root initial mark scan work in 0th thread: 0.000 sec
Finished young gen initial mark scan work in 1th thread: 0.029 sec
Finished remaining root initial mark scan work in 1th thread: 0.000 sec
[1 CMS-initial-mark: 983039K(983040K)] 1040383K(1040384K), 0.0288727 secs] [Times: user=0.05 sys=0.00, real=0.03 secs] 
23.734: Total time for which application threads were stopped: 0.0290405 seconds, Stopping threads took: 0.0000357 seconds
23.734: [CMS-concurrent-mark-start]
23.734: Application time: 0.0002914 seconds
{Heap before GC invocations=30 (full 13):
 par new generation   total 57344K, used 57343K [0x00000000c0000000, 0x00000000c4000000, 0x00000000c4000000)
  eden space 49152K, 100% used [0x00000000c0000000, 0x00000000c3000000, 0x00000000c3000000)
  from space 8192K,  99% used [0x00000000c3800000, 0x00000000c3fffff8, 0x00000000c4000000)
  to   space 8192K,   0% used [0x00000000c3000000, 0x00000000c3000000, 0x00000000c3800000)
 concurrent mark-sweep generation total 983040K, used 983039K [0x00000000c4000000, 0x0000000100000000, 0x0000000100000000)
 Metaspace       used 2726K, capacity 4490K, committed 4864K, reserved 1056768K
  class space    used 291K, capacity 386K, committed 512K, reserved 1048576K
23.734: [Full GC (Allocation Failure) 23.734: [CMSFinished cms space scanning in 1th thread: 0.004 sec
Finished cms space scanning in 0th thread: 1.113 sec
Finished work stealing in 0th thread: 0.000 sec
Finished work stealing in 1th thread: 1.108 sec
24.847: [CMS-concurrent-mark: 1.111/1.113 secs] (CMS-concurrent-mark yielded 1 times)
 [Times: user=2.19 sys=0.05, real=1.11 secs] 
 (concurrent mode failure): 983039K->983040K(983040K), 3.6617588 secs] 1040383K->1040382K(1040384K), [Metaspace: 2726K->2726K(1056768K)], 3.6618650 secs] [Times: user=4.67 sys=0.08, real=3.66 secs] 
Heap after GC invocations=31 (full 14):
 par new generation   total 57344K, used 57342K [0x00000000c0000000, 0x00000000c4000000, 0x00000000c4000000)
  eden space 49152K,  99% used [0x00000000c0000000, 0x00000000c2fffff0, 0x00000000c3000000)
  from space 8192K,  99% used [0x00000000c3800000, 0x00000000c3fff868, 0x00000000c4000000)
  to   space 8192K,   0% used [0x00000000c3000000, 0x00000000c3000000, 0x00000000c3800000)
 concurrent mark-sweep generation total 983040K, used 983040K [0x00000000c4000000, 0x0000000100000000, 0x0000000100000000)
 Metaspace       used 2726K, capacity 4490K, committed 4864K, reserved 1056768K
  class space    used 291K, capacity 386K, committed 512K, reserved 1048576K
}
27.396: Total time for which application threads were stopped: 3.6620172 seconds, Stopping threads took: 0.0000192 seconds
Heap
 par new generation   total 57344K, used 57342K [0x00000000c0000000, 0x00000000c4000000, 0x00000000c4000000)
  eden space 49152K, 100% used [0x00000000c0000000, 0x00000000c3000000, 0x00000000c3000000)
  from space 8192K,  99% used [0x00000000c3800000, 0x00000000c3fffbe0, 0x00000000c4000000)
  to   space 8192K,   0% used [0x00000000c3000000, 0x00000000c3000000, 0x00000000c3800000)
 concurrent mark-sweep generation total 983040K, used 983040K [0x00000000c4000000, 0x0000000100000000, 0x0000000100000000)
 Metaspace       used 2732K, capacity 4490K, committed 4864K, reserved 1056768K
  class space    used 292K, capacity 386K, committed 512K, reserved 1048576K
27.397: Application time: 0.0004828 seconds
